---
source: tests/cli_tests.rs
expression: stdout
---
Download a specific version of Android Studio

Usage: astudios download [OPTIONS] [VERSION]

Arguments:
  [VERSION]  Version to download (e.g., "Hedgehog", "2022.3.1")

Options:
      --latest                 Download the latest stable release version available
      --latest-prerelease      Download the latest pre-release version available (Canary or Beta)
      --directory <DIRECTORY>  The directory to download the archive to. Defaults to ~/.astudios/versions/{version}
  -h, --help                   Print help
